

================================================================
== Vitis HLS Report for 'bnn'
================================================================
* Date:           Tue Dec  9 16:13:32 2025

* Version:        2024.2 (Build 5238294 on Nov  8 2024)
* Project:        bnn.comp
* Solution:       hls (Vivado IP Flow Target)
* Product family: zynq
* Target device:  xc7z020-clg400-1


================================================================
== Performance Estimates
================================================================
+ Timing: 
    * Summary: 
    +--------+----------+----------+------------+
    |  Clock |  Target  | Estimated| Uncertainty|
    +--------+----------+----------+------------+
    |ap_clk  |  10.00 ns|  6.884 ns|     2.70 ns|
    +--------+----------+----------+------------+

+ Latency: 
    * Summary: 
    +---------+---------+----------+----------+-----+-----+----------+
    |  Latency (cycles) |  Latency (absolute) |  Interval | Pipeline |
    |   min   |   max   |    min   |    max   | min | max |   Type   |
    +---------+---------+----------+----------+-----+-----+----------+
    |      219|      219|  2.190 us|  2.190 us|  207|  207|  dataflow|
    +---------+---------+----------+----------+-----+-----+----------+

    + Detail: 
        * Instance: 
        +-----------+--------+---------+---------+----------+----------+-----+-----+------------------------------------------------+
        |           |        |  Latency (cycles) |  Latency (absolute) |  Interval |                    Pipeline                    |
        |  Instance | Module |   min   |   max   |    min   |    max   | min | max |                      Type                      |
        +-----------+--------+---------+---------+----------+----------+-----+-----+------------------------------------------------+
        |layer1_U0  |layer1  |      139|      139|  1.390 us|  1.390 us|  128|  128|  loop auto-rewind stp (delay=0 clock cycles(s))|
        |layer2_U0  |layer2  |      206|      206|  2.060 us|  2.060 us|  206|  206|                                              no|
        |layer3_U0  |layer3  |       88|       88|  0.880 us|  0.880 us|   88|   88|                                              no|
        +-----------+--------+---------+---------+----------+----------+-----+-----+------------------------------------------------+

        * Loop: 
        N/A



================================================================
== Utilization Estimates
================================================================
* Summary: 
+-----------------+---------+-----+--------+-------+-----+
|       Name      | BRAM_18K| DSP |   FF   |  LUT  | URAM|
+-----------------+---------+-----+--------+-------+-----+
|DSP              |        -|    -|       -|      -|    -|
|Expression       |        -|    -|       0|      2|    -|
|FIFO             |        -|    -|     198|    136|    -|
|Instance         |      100|    -|   18649|  35220|    -|
|Memory           |        -|    -|       -|      -|    -|
|Multiplexer      |        -|    -|       -|      -|    -|
|Register         |        -|    -|       -|      -|    -|
+-----------------+---------+-----+--------+-------+-----+
|Total            |      100|    0|   18847|  35358|    0|
+-----------------+---------+-----+--------+-------+-----+
|Available        |      280|  220|  106400|  53200|    0|
+-----------------+---------+-----+--------+-------+-----+
|Utilization (%)  |       35|    0|      17|     66|    0|
+-----------------+---------+-----+--------+-------+-----+

+ Detail: 
    * Instance: 
    +--------------+------------+---------+----+-------+-------+-----+
    |   Instance   |   Module   | BRAM_18K| DSP|   FF  |  LUT  | URAM|
    +--------------+------------+---------+----+-------+-------+-----+
    |CTRL_s_axi_U  |CTRL_s_axi  |        0|   0|   1130|   1715|    0|
    |layer1_U0     |layer1      |      100|   0|  13172|  25745|    0|
    |layer2_U0     |layer2      |        0|   0|   3156|   5002|    0|
    |layer3_U0     |layer3      |        0|   0|   1191|   2758|    0|
    +--------------+------------+---------+----+-------+-------+-----+
    |Total         |            |      100|   0|  18649|  35220|    0|
    +--------------+------------+---------+----+-------+-------+-----+

    * DSP: 
    N/A

    * Memory: 
    N/A

    * FIFO: 
    +----------+---------+----+----+-----+------+-----+---------+
    |   Name   | BRAM_18K| FF | LUT| URAM| Depth| Bits| Size:D*B|
    +----------+---------+----+----+-----+------+-----+---------+
    |l1_out_U  |        0|  99|   0|    -|     2|   32|       64|
    |l2_out_U  |        0|  99|   0|    -|     2|   32|       64|
    +----------+---------+----+----+-----+------+-----+---------+
    |Total     |        0| 198|   0|    0|     4|   64|      128|
    +----------+---------+----+----+-----+------+-----+---------+

    * Expression: 
    +--------------+----------+----+---+----+------------+------------+
    | Variable Name| Operation| DSP| FF| LUT| Bitwidth P0| Bitwidth P1|
    +--------------+----------+----+---+----+------------+------------+
    |ap_idle       |       and|   0|  0|   2|           1|           1|
    +--------------+----------+----+---+----+------------+------------+
    |Total         |          |   0|  0|   2|           1|           1|
    +--------------+----------+----+---+----+------------+------------+

    * Multiplexer: 
    N/A

    * Register: 
    N/A



================================================================
== Interface
================================================================
* Summary: 
+--------------------+-----+-----+------------+--------------+--------------+
|      RTL Ports     | Dir | Bits|  Protocol  | Source Object|    C Type    |
+--------------------+-----+-----+------------+--------------+--------------+
|s_axi_CTRL_AWVALID  |   in|    1|       s_axi|          CTRL|         array|
|s_axi_CTRL_AWREADY  |  out|    1|       s_axi|          CTRL|         array|
|s_axi_CTRL_AWADDR   |   in|    9|       s_axi|          CTRL|         array|
|s_axi_CTRL_WVALID   |   in|    1|       s_axi|          CTRL|         array|
|s_axi_CTRL_WREADY   |  out|    1|       s_axi|          CTRL|         array|
|s_axi_CTRL_WDATA    |   in|   32|       s_axi|          CTRL|         array|
|s_axi_CTRL_WSTRB    |   in|    4|       s_axi|          CTRL|         array|
|s_axi_CTRL_ARVALID  |   in|    1|       s_axi|          CTRL|         array|
|s_axi_CTRL_ARREADY  |  out|    1|       s_axi|          CTRL|         array|
|s_axi_CTRL_ARADDR   |   in|    9|       s_axi|          CTRL|         array|
|s_axi_CTRL_RVALID   |  out|    1|       s_axi|          CTRL|         array|
|s_axi_CTRL_RREADY   |   in|    1|       s_axi|          CTRL|         array|
|s_axi_CTRL_RDATA    |  out|   32|       s_axi|          CTRL|         array|
|s_axi_CTRL_RRESP    |  out|    2|       s_axi|          CTRL|         array|
|s_axi_CTRL_BVALID   |  out|    1|       s_axi|          CTRL|         array|
|s_axi_CTRL_BREADY   |   in|    1|       s_axi|          CTRL|         array|
|s_axi_CTRL_BRESP    |  out|    2|       s_axi|          CTRL|         array|
|ap_clk              |   in|    1|  ap_ctrl_hs|           bnn|  return value|
|ap_rst_n            |   in|    1|  ap_ctrl_hs|           bnn|  return value|
|interrupt           |  out|    1|  ap_ctrl_hs|           bnn|  return value|
+--------------------+-----+-----+------------+--------------+--------------+

